============================= test session starts =============================
platform win32 -- Python 3.13.7, pytest-9.0.2, pluggy-1.6.0
rootdir: C:\college_fees_system
collected 38 items

tests\test_admin_database.py ...                                         [  7%]
tests\test_auth.py ...F......                                            [ 34%]
tests\test_fees.py ...FFF.......                                         [ 68%]
tests\test_students.py ....F..FFFF.                                      [100%]

================================== FAILURES ===================================
______________________ TestAdminLogin.test_login_success ______________________

self = <tests.test_auth.TestAdminLogin object at 0x000002089BA49350>
client = <FlaskClient <Flask 'app'>>

    def test_login_success(self, client):
        resp = client.post("/admin/login", data={
            "username": "test_admin",
            "password": "Admin@123"
        }, follow_redirects=False)
        # Should redirect to dashboard
>       assert resp.status_code in (302, 303)
E       assert 200 in (302, 303)
E        +  where 200 = <WrapperTestResponse streamed [200 OK]>.status_code

tests\test_auth.py:34: AssertionError
---------------------------- Captured stdout setup ----------------------------
\u2705 USING DATABASE_PATH = C:\\college_fees_system\\instance\\fees.db
________________ TestFeeEngine.test_get_full_course_fee_state _________________

self = <tests.test_fees.TestFeeEngine object at 0x000002089BA496E0>
app = <Flask 'app'>

    def test_get_full_course_fee_state(self, app):
        """Test that the 4nd year overview includes hostel fees for hostellers."""
        with app.app_context():
            from utils.db import get_db
            from utils.fees import get_full_course_fee_state
    
            db = get_db()
            # Student 1 is B.E-CSE Year 1. Fee plan has tuition 50000, hostel 50000.
            # Mark student 1 as hosteller for both semesters
            db.execute("UPDATE students SET is_hosteller=1, hostel_sem1=1, hostel_sem2=1 WHERE id=1")
            db.commit()
    
            state = get_full_course_fee_state(db, student_id=1)
            assert state["ok"] is True
            year1 = next(y for y in state["years"] if y["year"] == 1)
    
            # Year 1 should have tuition (50000) + other (1500) + exam (3000) + hostel (50000) = 104500
            # Previously it was 101500 because exam fees from plan were ignored.
>           assert year1["total"] == 104500
E           assert 32000 == 104500

tests\test_fees.py:84: AssertionError
---------------------------- Captured stdout setup ----------------------------
\u2705 USING DATABASE_PATH = C:\\college_fees_system\\instance\\fees.db
__________________ TestFeeEngine.test_7_5_reservation_waiver __________________

self = <tests.test_fees.TestFeeEngine object at 0x000002089BA9C290>
app = <Flask 'app'>

    def test_7_5_reservation_waiver(self, app):
        """Test that 7.5 reservation waives Tuition and Hostel but keeps Other and Exam."""
        with app.app_context():
            from utils.db import get_db
            from utils.fees import get_fee_state_for_student
    
            db = get_db()
            # Mark student 1 as 7.5 reservation and hosteller
            db.execute("UPDATE students SET quota_type='7.5 RESERVATION', is_hosteller=1, hostel_sem1=1, hostel_sem2=1 WHERE id=1")
            db.commit()
    
            state = get_fee_state_for_student(db, student_id=1)
            assert state["ok"] is True
            charges = state["charges"]
    
            # Tuition should be 0
>           assert charges["TUITION"] == 0
E           assert 30000 == 0

tests\test_fees.py:102: AssertionError
---------------------------- Captured stdout setup ----------------------------
\u2705 USING DATABASE_PATH = C:\\college_fees_system\\instance\\fees.db
_________________ TestFeeEngine.test_hostel_payment_waterfall _________________

self = <tests.test_fees.TestFeeEngine object at 0x000002089BA32BE0>
app = <Flask 'app'>

    def test_hostel_payment_waterfall(self, app):
        """Test that hostel payments are distributed starting from Year 1."""
        with app.app_context():
            from utils.db import get_db
            from utils.fees import get_full_course_fee_state
    
            db = get_db()
            # Student 1 is Year 1 hosteller for both semesters.
            db.execute("UPDATE students SET is_hosteller=1, hostel_sem1=1, hostel_sem2=1 WHERE id=1")
    
            # Record 50,000 hostel payment
            db.execute(
                "INSERT INTO payments (student_id, txn_id, category, amount, status, method, created_at) VALUES (1, 'TXN-HOSTEL-001', 'HOSTEL', 50000, 'SUCCESS', 'CASH', '2023-01-01 10:00:00')"
            )
            db.commit()
    
            state = get_full_course_fee_state(db, student_id=1)
            year1 = next(y for y in state["years"] if y["year"] == 1)
    
            # Hostel Fee (50000) should be fully paid (distributed across semesters)
            hostel_paid_sum = sum(i["paid"] for i in year1["fee_items"] if i["category"] == "HOSTEL")
>           assert hostel_paid_sum == 50000
E           assert 0 == 50000

tests\test_fees.py:131: AssertionError
---------------------------- Captured stdout setup ----------------------------
\u2705 USING DATABASE_PATH = C:\\college_fees_system\\instance\\fees.db
_________________ TestStudentView.test_view_existing_student __________________

self = <tests.test_students.TestStudentView object at 0x000002089BA465D0>
admin_session = <FlaskClient <Flask 'app'>>

    def test_view_existing_student(self, admin_session):
        resp = admin_session.get("/admin/student/1")
        assert resp.status_code == 200
>       assert b"Test Student" in resp.data
E       assert b'Test Student' in b'<!doctype html>\n<html lang="en">\n\n<head>\n  <meta charset="utf-8">\n  <meta name="viewport" content="width=device...         .catch(err => console.log(\'ServiceWorker error:\', err));\n      });\n    }\n  </script>\n</body>\n\n</html>'
E        +  where b'<!doctype html>\n<html lang="en">\n\n<head>\n  <meta charset="utf-8">\n  <meta name="viewport" content="width=device...         .catch(err => console.log(\'ServiceWorker error:\', err));\n      });\n    }\n  </script>\n</body>\n\n</html>' = <WrapperTestResponse 28760 bytes [200 OK]>.data

D:\college_fees_system\tests\test_students.py:29: AssertionError
---------------------------- Captured stdout setup ----------------------------
\u2705 USING DATABASE_PATH = C:\\college_fees_system\\instance\\fees.db
_________________ TestAddStudent.test_add_student_empty_form __________________

self = <tests.test_students.TestAddStudent object at 0x000002089BA46990>
admin_session = <FlaskClient <Flask 'app'>>

    def test_add_student_empty_form(self, admin_session):
>       resp = admin_session.post("/admin/students/add", data={
            "admission_no": "",
            "name": "",
            "dob": "",
            "year": "",
            "class": "",
            "course": "",
        }, follow_redirects=True)

D:\college_fees_system\tests\test_students.py:42: 
_ _ _ _ _ _ _ _ _ _ _ _ _ _ _ _ _ _ _ _ _ _ _ _ _ _ _ _ _ _ _ _ _ _ _ _ _ _ _ _
C:\Users\Rajesh M\AppData\Roaming\Python\Python313\site-packages\werkzeug\test.py:1167: in post
    return self.open(*args, **kw)
           ^^^^^^^^^^^^^^^^^^^^^^
C:\Users\Rajesh M\AppData\Roaming\Python\Python313\site-packages\flask\testing.py:235: in open
    response = super().open(
C:\Users\Rajesh M\AppData\Roaming\Python\Python313\site-packages\werkzeug\test.py:1116: in open
    response_parts = self.run_wsgi_app(request.environ, buffered=buffered)
                     ^^^^^^^^^^^^^^^^^^^^^^^^^^^^^^^^^^^^^^^^^^^^^^^^^^^^^
C:\Users\Rajesh M\AppData\Roaming\Python\Python313\site-packages\werkzeug\test.py:988: in run_wsgi_app
    rv = run_wsgi_app(self.application, environ, buffered=buffered)
         ^^^^^^^^^^^^^^^^^^^^^^^^^^^^^^^^^^^^^^^^^^^^^^^^^^^^^^^^^^
C:\Users\Rajesh M\AppData\Roaming\Python\Python313\site-packages\werkzeug\test.py:1264: in run_wsgi_app
    app_rv = app(environ, start_response)
             ^^^^^^^^^^^^^^^^^^^^^^^^^^^^
C:\Users\Rajesh M\AppData\Roaming\Python\Python313\site-packages\flask\app.py:1498: in __call__
    return self.wsgi_app(environ, start_response)
           ^^^^^^^^^^^^^^^^^^^^^^^^^^^^^^^^^^^^^^
C:\Users\Rajesh M\AppData\Roaming\Python\Python313\site-packages\flask\app.py:1476: in wsgi_app
    response = self.handle_exception(e)
               ^^^^^^^^^^^^^^^^^^^^^^^^
C:\Users\Rajesh M\AppData\Roaming\Python\Python313\site-packages\flask\app.py:1473: in wsgi_app
    response = self.full_dispatch_request()
               ^^^^^^^^^^^^^^^^^^^^^^^^^^^^
C:\Users\Rajesh M\AppData\Roaming\Python\Python313\site-packages\flask\app.py:882: in full_dispatch_request
    rv = self.handle_user_exception(e)
         ^^^^^^^^^^^^^^^^^^^^^^^^^^^^^
C:\Users\Rajesh M\AppData\Roaming\Python\Python313\site-packages\flask\app.py:880: in full_dispatch_request
    rv = self.dispatch_request()
         ^^^^^^^^^^^^^^^^^^^^^^^
C:\Users\Rajesh M\AppData\Roaming\Python\Python313\site-packages\flask\app.py:865: in dispatch_request
    return self.ensure_sync(self.view_functions[rule.endpoint])(**view_args)  # type: ignore[no-any-return]
           ^^^^^^^^^^^^^^^^^^^^^^^^^^^^^^^^^^^^^^^^^^^^^^^^^^^^^^^^^^^^^^^^^
utils\auth.py:52: in wrapper
    return fn(*args, **kwargs)
           ^^^^^^^^^^^^^^^^^^^
_ _ _ _ _ _ _ _ _ _ _ _ _ _ _ _ _ _ _ _ _ _ _ _ _ _ _ _ _ _ _ _ _ _ _ _ _ _ _ _

    @admin_bp.route("/students/add", methods=["GET", "POST"])
    @admin_required
    def add_student():
        db = get_db()
        inst_id = session["institute_id"]
    
        course_rows = db.execute(
            "SELECT DISTINCT course FROM fee_plans WHERE institute_id=? ORDER BY course",
            (inst_id,),
        ).fetchall()
        course_options = [r["course"] for r in course_rows]
    
        def has_fee_plan(course: str, year: int) -> bool:
            row = db.execute(
                "SELECT 1 FROM fee_plans WHERE institute_id=? AND course=? AND year=?",
                (inst_id, course, year),
            ).fetchone()
            return bool(row)
    
        def upsert_adjustment(student_id: int, category: str, label: str, amount: int):
            # same logic as in main routes
            db.execute(
                "DELETE FROM fee_adjustments WHERE student_id=? AND category=? AND label=?",
                (student_id, category, label),
            )
            amt = int(amount or 0)
            if amt != 0:
                db.execute(
                    "INSERT INTO fee_adjustments (student_id, category, label, amount) VALUES (?,?,?,?)",
                    (student_id, category, label, amt),
                )
    
        if request.method == "POST":
            # Form handling ... (copied from original)
            admission_no = (request.form.get("admission_no") or "").strip().upper()
            register_no = (request.form.get("register_no") or "").strip()
            name = (request.form.get("name") or "").strip()
            dob = (request.form.get("dob") or "").strip()
            year = to_int(request.form.get("year"), 0)
            class_ = (request.form.get("class") or "").strip().upper()
            course = (request.form.get("course") or "").strip()
    
            student_email = (request.form.get("student_email") or "").strip()
            parent_email = (request.form.get("parent_email") or "").strip()
            student_phone = (request.form.get("student_phone") or "").strip()
            parent_phone = (request.form.get("parent_phone") or "").strip()
            is_hosteller = 1 if str(request.form.get("is_hosteller", "0")) == "1" else 0
            hostel_sem1 = 1 if request.form.get("hostel_sem1") == "1" else 0
            hostel_sem2 = 1 if request.form.get("hostel_sem2") == "1" else 0
    
            gym_fee = to_int(request.form.get("gym_fee"), 0)
            laundry_fee = to_int(request.form.get("laundry_fee"), 0)
            bus_fee = to_int(request.form.get("bus_fee"), 0)
            exam_fee = to_int(request.form.get("exam_fee"), 0)
    
            benefit_type = (request.form.get("benefit_type") or "NONE").strip().upper()
            scholarship_amount = to_int(request.form.get("scholarship_amount"), 0)
            quota_type = (request.form.get("quota_type") or "").strip().upper()
            quota_amount = to_int(request.form.get("quota_amount"), 0)
    
            form = {
                "admission_no": admission_no,
                "register_no": register_no,
                "name": name,
                "dob": dob,
                "year": year,
                "class_": class_,
                "course": course,
                "student_email": student_email,
                "parent_email": parent_email,
                "student_phone": student_phone,
                "parent_phone": parent_phone,
                "is_hosteller": is_hosteller,
>               **h_sems,
                  ^^^^^^
                "gym_fee": gym_fee,
                "laundry_fee": laundry_fee,
                "bus_fee": bus_fee,
                "benefit_type": benefit_type,
                "scholarship_amount": scholarship_amount if scholarship_amount > 0 else "",
                "quota_type": quota_type,
                "quota_amount": quota_amount if quota_amount > 0 else "",
            }
E           NameError: name 'h_sems' is not defined

blueprints\admin\views\students.py:236: NameError
---------------------------- Captured stdout setup ----------------------------
\u2705 USING DATABASE_PATH = C:\\college_fees_system\\instance\\fees.db
________________ TestAddStudent.test_add_student_invalid_email ________________

self = <tests.test_students.TestAddStudent object at 0x000002089BA48E90>
admin_session = <FlaskClient <Flask 'app'>>

    def test_add_student_invalid_email(self, admin_session):
>       resp = admin_session.post("/admin/students/add", data={
            "admission_no": "NEW001",
            "name": "New Student",
            "dob": "2005-01-01",
            "year": "1",
            "class": "CSE",
            "course": "B.E-CSE",
            "student_email": "not-a-valid-email",
        }, follow_redirects=True)

D:\college_fees_system\tests\test_students.py:54: 
_ _ _ _ _ _ _ _ _ _ _ _ _ _ _ _ _ _ _ _ _ _ _ _ _ _ _ _ _ _ _ _ _ _ _ _ _ _ _ _
C:\Users\Rajesh M\AppData\Roaming\Python\Python313\site-packages\werkzeug\test.py:1167: in post
    return self.open(*args, **kw)
           ^^^^^^^^^^^^^^^^^^^^^^
C:\Users\Rajesh M\AppData\Roaming\Python\Python313\site-packages\flask\testing.py:235: in open
    response = super().open(
C:\Users\Rajesh M\AppData\Roaming\Python\Python313\site-packages\werkzeug\test.py:1116: in open
    response_parts = self.run_wsgi_app(request.environ, buffered=buffered)
                     ^^^^^^^^^^^^^^^^^^^^^^^^^^^^^^^^^^^^^^^^^^^^^^^^^^^^^
C:\Users\Rajesh M\AppData\Roaming\Python\Python313\site-packages\werkzeug\test.py:988: in run_wsgi_app
    rv = run_wsgi_app(self.application, environ, buffered=buffered)
         ^^^^^^^^^^^^^^^^^^^^^^^^^^^^^^^^^^^^^^^^^^^^^^^^^^^^^^^^^^
C:\Users\Rajesh M\AppData\Roaming\Python\Python313\site-packages\werkzeug\test.py:1264: in run_wsgi_app
    app_rv = app(environ, start_response)
             ^^^^^^^^^^^^^^^^^^^^^^^^^^^^
C:\Users\Rajesh M\AppData\Roaming\Python\Python313\site-packages\flask\app.py:1498: in __call__
    return self.wsgi_app(environ, start_response)
           ^^^^^^^^^^^^^^^^^^^^^^^^^^^^^^^^^^^^^^
C:\Users\Rajesh M\AppData\Roaming\Python\Python313\site-packages\flask\app.py:1476: in wsgi_app
    response = self.handle_exception(e)
               ^^^^^^^^^^^^^^^^^^^^^^^^
C:\Users\Rajesh M\AppData\Roaming\Python\Python313\site-packages\flask\app.py:1473: in wsgi_app
    response = self.full_dispatch_request()
               ^^^^^^^^^^^^^^^^^^^^^^^^^^^^
C:\Users\Rajesh M\AppData\Roaming\Python\Python313\site-packages\flask\app.py:882: in full_dispatch_request
    rv = self.handle_user_exception(e)
         ^^^^^^^^^^^^^^^^^^^^^^^^^^^^^
C:\Users\Rajesh M\AppData\Roaming\Python\Python313\site-packages\flask\app.py:880: in full_dispatch_request
    rv = self.dispatch_request()
         ^^^^^^^^^^^^^^^^^^^^^^^
C:\Users\Rajesh M\AppData\Roaming\Python\Python313\site-packages\flask\app.py:865: in dispatch_request
    return self.ensure_sync(self.view_functions[rule.endpoint])(**view_args)  # type: ignore[no-any-return]
           ^^^^^^^^^^^^^^^^^^^^^^^^^^^^^^^^^^^^^^^^^^^^^^^^^^^^^^^^^^^^^^^^^
utils\auth.py:52: in wrapper
    return fn(*args, **kwargs)
           ^^^^^^^^^^^^^^^^^^^
_ _ _ _ _ _ _ _ _ _ _ _ _ _ _ _ _ _ _ _ _ _ _ _ _ _ _ _ _ _ _ _ _ _ _ _ _ _ _ _

    @admin_bp.route("/students/add", methods=["GET", "POST"])
    @admin_required
    def add_student():
        db = get_db()
        inst_id = session["institute_id"]
    
        course_rows = db.execute(
            "SELECT DISTINCT course FROM fee_plans WHERE institute_id=? ORDER BY course",
            (inst_id,),
        ).fetchall()
        course_options = [r["course"] for r in course_rows]
    
        def has_fee_plan(course: str, year: int) -> bool:
            row = db.execute(
                "SELECT 1 FROM fee_plans WHERE institute_id=? AND course=? AND year=?",
                (inst_id, course, year),
            ).fetchone()
            return bool(row)
    
        def upsert_adjustment(student_id: int, category: str, label: str, amount: int):
            # same logic as in main routes
            db.execute(
                "DELETE FROM fee_adjustments WHERE student_id=? AND category=? AND label=?",
                (student_id, category, label),
            )
            amt = int(amount or 0)
            if amt != 0:
                db.execute(
                    "INSERT INTO fee_adjustments (student_id, category, label, amount) VALUES (?,?,?,?)",
                    (student_id, category, label, amt),
                )
    
        if request.method == "POST":
            # Form handling ... (copied from original)
            admission_no = (request.form.get("admission_no") or "").strip().upper()
            register_no = (request.form.get("register_no") or "").strip()
            name = (request.form.get("name") or "").strip()
            dob = (request.form.get("dob") or "").strip()
            year = to_int(request.form.get("year"), 0)
            class_ = (request.form.get("class") or "").strip().upper()
            course = (request.form.get("course") or "").strip()
    
            student_email = (request.form.get("student_email") or "").strip()
            parent_email = (request.form.get("parent_email") or "").strip()
            student_phone = (request.form.get("student_phone") or "").strip()
            parent_phone = (request.form.get("parent_phone") or "").strip()
            is_hosteller = 1 if str(request.form.get("is_hosteller", "0")) == "1" else 0
            hostel_sem1 = 1 if request.form.get("hostel_sem1") == "1" else 0
            hostel_sem2 = 1 if request.form.get("hostel_sem2") == "1" else 0
    
            gym_fee = to_int(request.form.get("gym_fee"), 0)
            laundry_fee = to_int(request.form.get("laundry_fee"), 0)
            bus_fee = to_int(request.form.get("bus_fee"), 0)
            exam_fee = to_int(request.form.get("exam_fee"), 0)
    
            benefit_type = (request.form.get("benefit_type") or "NONE").strip().upper()
            scholarship_amount = to_int(request.form.get("scholarship_amount"), 0)
            quota_type = (request.form.get("quota_type") or "").strip().upper()
            quota_amount = to_int(request.form.get("quota_amount"), 0)
    
            form = {
                "admission_no": admission_no,
                "register_no": register_no,
                "name": name,
                "dob": dob,
                "year": year,
                "class_": class_,
                "course": course,
                "student_email": student_email,
                "parent_email": parent_email,
                "student_phone": student_phone,
                "parent_phone": parent_phone,
                "is_hosteller": is_hosteller,
>               **h_sems,
                  ^^^^^^
                "gym_fee": gym_fee,
                "laundry_fee": laundry_fee,
                "bus_fee": bus_fee,
                "benefit_type": benefit_type,
                "scholarship_amount": scholarship_amount if scholarship_amount > 0 else "",
                "quota_type": quota_type,
                "quota_amount": quota_amount if quota_amount > 0 else "",
            }
E           NameError: name 'h_sems' is not defined

blueprints\admin\views\students.py:236: NameError
---------------------------- Captured stdout setup ----------------------------
\u2705 USING DATABASE_PATH = C:\\college_fees_system\\instance\\fees.db
________________ TestAddStudent.test_add_student_invalid_phone ________________

self = <tests.test_students.TestAddStudent object at 0x000002089BA49E00>
admin_session = <FlaskClient <Flask 'app'>>

    def test_add_student_invalid_phone(self, admin_session):
>       resp = admin_session.post("/admin/students/add", data={
            "admission_no": "NEW002",
            "name": "New Student 2",
            "dob": "2005-06-15",
            "year": "1",
            "class": "CSE",
            "course": "B.E-CSE",
            "student_phone": "12345",  # Not 10 digits
        }, follow_redirects=True)

D:\college_fees_system\tests\test_students.py:66: 
_ _ _ _ _ _ _ _ _ _ _ _ _ _ _ _ _ _ _ _ _ _ _ _ _ _ _ _ _ _ _ _ _ _ _ _ _ _ _ _
C:\Users\Rajesh M\AppData\Roaming\Python\Python313\site-packages\werkzeug\test.py:1167: in post
    return self.open(*args, **kw)
           ^^^^^^^^^^^^^^^^^^^^^^
C:\Users\Rajesh M\AppData\Roaming\Python\Python313\site-packages\flask\testing.py:235: in open
    response = super().open(
C:\Users\Rajesh M\AppData\Roaming\Python\Python313\site-packages\werkzeug\test.py:1116: in open
    response_parts = self.run_wsgi_app(request.environ, buffered=buffered)
                     ^^^^^^^^^^^^^^^^^^^^^^^^^^^^^^^^^^^^^^^^^^^^^^^^^^^^^
C:\Users\Rajesh M\AppData\Roaming\Python\Python313\site-packages\werkzeug\test.py:988: in run_wsgi_app
    rv = run_wsgi_app(self.application, environ, buffered=buffered)
         ^^^^^^^^^^^^^^^^^^^^^^^^^^^^^^^^^^^^^^^^^^^^^^^^^^^^^^^^^^
C:\Users\Rajesh M\AppData\Roaming\Python\Python313\site-packages\werkzeug\test.py:1264: in run_wsgi_app
    app_rv = app(environ, start_response)
             ^^^^^^^^^^^^^^^^^^^^^^^^^^^^
C:\Users\Rajesh M\AppData\Roaming\Python\Python313\site-packages\flask\app.py:1498: in __call__
    return self.wsgi_app(environ, start_response)
           ^^^^^^^^^^^^^^^^^^^^^^^^^^^^^^^^^^^^^^
C:\Users\Rajesh M\AppData\Roaming\Python\Python313\site-packages\flask\app.py:1476: in wsgi_app
    response = self.handle_exception(e)
               ^^^^^^^^^^^^^^^^^^^^^^^^
C:\Users\Rajesh M\AppData\Roaming\Python\Python313\site-packages\flask\app.py:1473: in wsgi_app
    response = self.full_dispatch_request()
               ^^^^^^^^^^^^^^^^^^^^^^^^^^^^
C:\Users\Rajesh M\AppData\Roaming\Python\Python313\site-packages\flask\app.py:882: in full_dispatch_request
    rv = self.handle_user_exception(e)
         ^^^^^^^^^^^^^^^^^^^^^^^^^^^^^
C:\Users\Rajesh M\AppData\Roaming\Python\Python313\site-packages\flask\app.py:880: in full_dispatch_request
    rv = self.dispatch_request()
         ^^^^^^^^^^^^^^^^^^^^^^^
C:\Users\Rajesh M\AppData\Roaming\Python\Python313\site-packages\flask\app.py:865: in dispatch_request
    return self.ensure_sync(self.view_functions[rule.endpoint])(**view_args)  # type: ignore[no-any-return]
           ^^^^^^^^^^^^^^^^^^^^^^^^^^^^^^^^^^^^^^^^^^^^^^^^^^^^^^^^^^^^^^^^^
utils\auth.py:52: in wrapper
    return fn(*args, **kwargs)
           ^^^^^^^^^^^^^^^^^^^
_ _ _ _ _ _ _ _ _ _ _ _ _ _ _ _ _ _ _ _ _ _ _ _ _ _ _ _ _ _ _ _ _ _ _ _ _ _ _ _

    @admin_bp.route("/students/add", methods=["GET", "POST"])
    @admin_required
    def add_student():
        db = get_db()
        inst_id = session["institute_id"]
    
        course_rows = db.execute(
            "SELECT DISTINCT course FROM fee_plans WHERE institute_id=? ORDER BY course",
            (inst_id,),
        ).fetchall()
        course_options = [r["course"] for r in course_rows]
    
        def has_fee_plan(course: str, year: int) -> bool:
            row = db.execute(
                "SELECT 1 FROM fee_plans WHERE institute_id=? AND course=? AND year=?",
                (inst_id, course, year),
            ).fetchone()
            return bool(row)
    
        def upsert_adjustment(student_id: int, category: str, label: str, amount: int):
            # same logic as in main routes
            db.execute(
                "DELETE FROM fee_adjustments WHERE student_id=? AND category=? AND label=?",
                (student_id, category, label),
            )
            amt = int(amount or 0)
            if amt != 0:
                db.execute(
                    "INSERT INTO fee_adjustments (student_id, category, label, amount) VALUES (?,?,?,?)",
                    (student_id, category, label, amt),
                )
    
        if request.method == "POST":
            # Form handling ... (copied from original)
            admission_no = (request.form.get("admission_no") or "").strip().upper()
            register_no = (request.form.get("register_no") or "").strip()
            name = (request.form.get("name") or "").strip()
            dob = (request.form.get("dob") or "").strip()
            year = to_int(request.form.get("year"), 0)
            class_ = (request.form.get("class") or "").strip().upper()
            course = (request.form.get("course") or "").strip()
    
            student_email = (request.form.get("student_email") or "").strip()
            parent_email = (request.form.get("parent_email") or "").strip()
            student_phone = (request.form.get("student_phone") or "").strip()
            parent_phone = (request.form.get("parent_phone") or "").strip()
            is_hosteller = 1 if str(request.form.get("is_hosteller", "0")) == "1" else 0
            hostel_sem1 = 1 if request.form.get("hostel_sem1") == "1" else 0
            hostel_sem2 = 1 if request.form.get("hostel_sem2") == "1" else 0
    
            gym_fee = to_int(request.form.get("gym_fee"), 0)
            laundry_fee = to_int(request.form.get("laundry_fee"), 0)
            bus_fee = to_int(request.form.get("bus_fee"), 0)
            exam_fee = to_int(request.form.get("exam_fee"), 0)
    
            benefit_type = (request.form.get("benefit_type") or "NONE").strip().upper()
            scholarship_amount = to_int(request.form.get("scholarship_amount"), 0)
            quota_type = (request.form.get("quota_type") or "").strip().upper()
            quota_amount = to_int(request.form.get("quota_amount"), 0)
    
            form = {
                "admission_no": admission_no,
                "register_no": register_no,
                "name": name,
                "dob": dob,
                "year": year,
                "class_": class_,
                "course": course,
                "student_email": student_email,
                "parent_email": parent_email,
                "student_phone": student_phone,
                "parent_phone": parent_phone,
                "is_hosteller": is_hosteller,
>               **h_sems,
                  ^^^^^^
                "gym_fee": gym_fee,
                "laundry_fee": laundry_fee,
                "bus_fee": bus_fee,
                "benefit_type": benefit_type,
                "scholarship_amount": scholarship_amount if scholarship_amount > 0 else "",
                "quota_type": quota_type,
                "quota_amount": quota_amount if quota_amount > 0 else "",
            }
E           NameError: name 'h_sems' is not defined

blueprints\admin\views\students.py:236: NameError
---------------------------- Captured stdout setup ----------------------------
\u2705 USING DATABASE_PATH = C:\\college_fees_system\\instance\\fees.db
___________________ TestAddStudent.test_add_student_success ___________________

self = <tests.test_students.TestAddStudent object at 0x000002089BA6E690>
admin_session = <FlaskClient <Flask 'app'>>

    def test_add_student_success(self, admin_session):
>       resp = admin_session.post("/admin/students/add", data={
            "admission_no": "NEW003",
            "name": "Valid Student",
            "dob": "2005-03-20",
            "year": "1",
            "class": "CSE",
            "course": "B.E-CSE",
            "student_email": "valid@example.com",
            "student_phone": "9876543210",
            "is_hosteller": "0",
            "benefit_type": "NONE",
        }, follow_redirects=False)

D:\college_fees_system\tests\test_students.py:78: 
_ _ _ _ _ _ _ _ _ _ _ _ _ _ _ _ _ _ _ _ _ _ _ _ _ _ _ _ _ _ _ _ _ _ _ _ _ _ _ _
C:\Users\Rajesh M\AppData\Roaming\Python\Python313\site-packages\werkzeug\test.py:1167: in post
    return self.open(*args, **kw)
           ^^^^^^^^^^^^^^^^^^^^^^
C:\Users\Rajesh M\AppData\Roaming\Python\Python313\site-packages\flask\testing.py:235: in open
    response = super().open(
C:\Users\Rajesh M\AppData\Roaming\Python\Python313\site-packages\werkzeug\test.py:1116: in open
    response_parts = self.run_wsgi_app(request.environ, buffered=buffered)
                     ^^^^^^^^^^^^^^^^^^^^^^^^^^^^^^^^^^^^^^^^^^^^^^^^^^^^^
C:\Users\Rajesh M\AppData\Roaming\Python\Python313\site-packages\werkzeug\test.py:988: in run_wsgi_app
    rv = run_wsgi_app(self.application, environ, buffered=buffered)
         ^^^^^^^^^^^^^^^^^^^^^^^^^^^^^^^^^^^^^^^^^^^^^^^^^^^^^^^^^^
C:\Users\Rajesh M\AppData\Roaming\Python\Python313\site-packages\werkzeug\test.py:1264: in run_wsgi_app
    app_rv = app(environ, start_response)
             ^^^^^^^^^^^^^^^^^^^^^^^^^^^^
C:\Users\Rajesh M\AppData\Roaming\Python\Python313\site-packages\flask\app.py:1498: in __call__
    return self.wsgi_app(environ, start_response)
           ^^^^^^^^^^^^^^^^^^^^^^^^^^^^^^^^^^^^^^
C:\Users\Rajesh M\AppData\Roaming\Python\Python313\site-packages\flask\app.py:1476: in wsgi_app
    response = self.handle_exception(e)
               ^^^^^^^^^^^^^^^^^^^^^^^^
C:\Users\Rajesh M\AppData\Roaming\Python\Python313\site-packages\flask\app.py:1473: in wsgi_app
    response = self.full_dispatch_request()
               ^^^^^^^^^^^^^^^^^^^^^^^^^^^^
C:\Users\Rajesh M\AppData\Roaming\Python\Python313\site-packages\flask\app.py:882: in full_dispatch_request
    rv = self.handle_user_exception(e)
         ^^^^^^^^^^^^^^^^^^^^^^^^^^^^^
C:\Users\Rajesh M\AppData\Roaming\Python\Python313\site-packages\flask\app.py:880: in full_dispatch_request
    rv = self.dispatch_request()
         ^^^^^^^^^^^^^^^^^^^^^^^
C:\Users\Rajesh M\AppData\Roaming\Python\Python313\site-packages\flask\app.py:865: in dispatch_request
    return self.ensure_sync(self.view_functions[rule.endpoint])(**view_args)  # type: ignore[no-any-return]
           ^^^^^^^^^^^^^^^^^^^^^^^^^^^^^^^^^^^^^^^^^^^^^^^^^^^^^^^^^^^^^^^^^
utils\auth.py:52: in wrapper
    return fn(*args, **kwargs)
           ^^^^^^^^^^^^^^^^^^^
_ _ _ _ _ _ _ _ _ _ _ _ _ _ _ _ _ _ _ _ _ _ _ _ _ _ _ _ _ _ _ _ _ _ _ _ _ _ _ _

    @admin_bp.route("/students/add", methods=["GET", "POST"])
    @admin_required
    def add_student():
        db = get_db()
        inst_id = session["institute_id"]
    
        course_rows = db.execute(
            "SELECT DISTINCT course FROM fee_plans WHERE institute_id=? ORDER BY course",
            (inst_id,),
        ).fetchall()
        course_options = [r["course"] for r in course_rows]
    
        def has_fee_plan(course: str, year: int) -> bool:
            row = db.execute(
                "SELECT 1 FROM fee_plans WHERE institute_id=? AND course=? AND year=?",
                (inst_id, course, year),
            ).fetchone()
            return bool(row)
    
        def upsert_adjustment(student_id: int, category: str, label: str, amount: int):
            # same logic as in main routes
            db.execute(
                "DELETE FROM fee_adjustments WHERE student_id=? AND category=? AND label=?",
                (student_id, category, label),
            )
            amt = int(amount or 0)
            if amt != 0:
                db.execute(
                    "INSERT INTO fee_adjustments (student_id, category, label, amount) VALUES (?,?,?,?)",
                    (student_id, category, label, amt),
                )
    
        if request.method == "POST":
            # Form handling ... (copied from original)
            admission_no = (request.form.get("admission_no") or "").strip().upper()
            register_no = (request.form.get("register_no") or "").strip()
            name = (request.form.get("name") or "").strip()
            dob = (request.form.get("dob") or "").strip()
            year = to_int(request.form.get("year"), 0)
            class_ = (request.form.get("class") or "").strip().upper()
            course = (request.form.get("course") or "").strip()
    
            student_email = (request.form.get("student_email") or "").strip()
            parent_email = (request.form.get("parent_email") or "").strip()
            student_phone = (request.form.get("student_phone") or "").strip()
            parent_phone = (request.form.get("parent_phone") or "").strip()
            is_hosteller = 1 if str(request.form.get("is_hosteller", "0")) == "1" else 0
            hostel_sem1 = 1 if request.form.get("hostel_sem1") == "1" else 0
            hostel_sem2 = 1 if request.form.get("hostel_sem2") == "1" else 0
    
            gym_fee = to_int(request.form.get("gym_fee"), 0)
            laundry_fee = to_int(request.form.get("laundry_fee"), 0)
            bus_fee = to_int(request.form.get("bus_fee"), 0)
            exam_fee = to_int(request.form.get("exam_fee"), 0)
    
            benefit_type = (request.form.get("benefit_type") or "NONE").strip().upper()
            scholarship_amount = to_int(request.form.get("scholarship_amount"), 0)
            quota_type = (request.form.get("quota_type") or "").strip().upper()
            quota_amount = to_int(request.form.get("quota_amount"), 0)
    
            form = {
                "admission_no": admission_no,
                "register_no": register_no,
                "name": name,
                "dob": dob,
                "year": year,
                "class_": class_,
                "course": course,
                "student_email": student_email,
                "parent_email": parent_email,
                "student_phone": student_phone,
                "parent_phone": parent_phone,
                "is_hosteller": is_hosteller,
>               **h_sems,
                  ^^^^^^
                "gym_fee": gym_fee,
                "laundry_fee": laundry_fee,
                "bus_fee": bus_fee,
                "benefit_type": benefit_type,
                "scholarship_amount": scholarship_amount if scholarship_amount > 0 else "",
                "quota_type": quota_type,
                "quota_amount": quota_amount if quota_amount > 0 else "",
            }
E           NameError: name 'h_sems' is not defined

blueprints\admin\views\students.py:236: NameError
---------------------------- Captured stdout setup ----------------------------
\u2705 USING DATABASE_PATH = C:\\college_fees_system\\instance\\fees.db
============================== warnings summary ===============================
tests/test_admin_database.py::test_database_list_access
  C:\Users\Rajesh M\AppData\Roaming\Python\Python313\site-packages\reportlab\lib\rl_safe_eval.py:12: DeprecationWarning: ast.NameConstant is deprecated and will be removed in Python 3.14; use ast.Constant instead
    haveNameConstant = hasattr(ast,'NameConstant')

tests/test_auth.py::TestAccessControl::test_admin_can_access_dashboard
tests/test_students.py::TestStudentView::test_view_nonexistent_student
  C:\college_fees_system\blueprints\admin\views\dashboard.py:22: LegacyAPIWarning: The Query.get() method is considered legacy as of the 1.x series of SQLAlchemy and becomes a legacy construct in 2.0. The method is now available as Session.get() (deprecated since: 2.0) (Background on SQLAlchemy 2.0 at: https://sqlalche.me/e/b8d9)
    inst = Institute.query.get(inst_id)

tests/test_fees.py::TestFeeEngine::test_get_fee_state
tests/test_fees.py::TestFeeEngine::test_fee_plan_amounts
tests/test_fees.py::TestFeeEngine::test_no_fee_plan_returns_error
tests/test_fees.py::TestFeeEngine::test_7_5_reservation_waiver
tests/test_fees.py::TestFeeRoutes::test_student_fees_page
tests/test_students.py::TestStudentView::test_view_existing_student
  C:\college_fees_system\utils\fees.py:299: LegacyAPIWarning: The Query.get() method is considered legacy as of the 1.x series of SQLAlchemy and becomes a legacy construct in 2.0. The method is now available as Session.get() (deprecated since: 2.0) (Background on SQLAlchemy 2.0 at: https://sqlalche.me/e/b8d9)
    s = Student.query.get(student_id)

tests/test_fees.py::TestFeeEngine::test_get_fee_state
tests/test_fees.py::TestFeeEngine::test_fee_plan_amounts
tests/test_fees.py::TestFeeEngine::test_no_fee_plan_returns_error
tests/test_fees.py::TestFeeEngine::test_7_5_reservation_waiver
tests/test_fees.py::TestFeeRoutes::test_student_fees_page
tests/test_students.py::TestStudentView::test_view_existing_student
  C:\college_fees_system\utils\fees.py:26: LegacyAPIWarning: The Query.get() method is considered legacy as of the 1.x series of SQLAlchemy and becomes a legacy construct in 2.0. The method is now available as Session.get() (deprecated since: 2.0) (Background on SQLAlchemy 2.0 at: https://sqlalche.me/e/b8d9)
    s = Student.query.get(student_id)

tests/test_fees.py::TestFeeEngine::test_get_full_course_fee_state
tests/test_fees.py::TestFeeEngine::test_hostel_payment_waterfall
tests/test_fees.py::TestFeeRoutes::test_student_fees_page
tests/test_students.py::TestStudentView::test_view_existing_student
  C:\college_fees_system\utils\fees.py:467: LegacyAPIWarning: The Query.get() method is considered legacy as of the 1.x series of SQLAlchemy and becomes a legacy construct in 2.0. The method is now available as Session.get() (deprecated since: 2.0) (Background on SQLAlchemy 2.0 at: https://sqlalche.me/e/b8d9)
    s = Student.query.get(student_id)

tests/test_students.py::TestStudentView::test_view_existing_student
  C:\college_fees_system\blueprints\admin\views\students.py:115: LegacyAPIWarning: The Query.get() method is considered legacy as of the 1.x series of SQLAlchemy and becomes a legacy construct in 2.0. The method is now available as Session.get() (deprecated since: 2.0) (Background on SQLAlchemy 2.0 at: https://sqlalche.me/e/b8d9)
    inst = Institute.query.get(student.institute_id)

-- Docs: https://docs.pytest.org/en/stable/how-to/capture-warnings.html
=========================== short test summary info ===========================
FAILED tests/test_auth.py::TestAdminLogin::test_login_success - assert 200 in...
FAILED tests/test_fees.py::TestFeeEngine::test_get_full_course_fee_state - as...
FAILED tests/test_fees.py::TestFeeEngine::test_7_5_reservation_waiver - asser...
FAILED tests/test_fees.py::TestFeeEngine::test_hostel_payment_waterfall - ass...
FAILED tests/test_students.py::TestStudentView::test_view_existing_student - ...
FAILED tests/test_students.py::TestAddStudent::test_add_student_empty_form - ...
FAILED tests/test_students.py::TestAddStudent::test_add_student_invalid_email
FAILED tests/test_students.py::TestAddStudent::test_add_student_invalid_phone
FAILED tests/test_students.py::TestAddStudent::test_add_student_success - Nam...
================= 9 failed, 29 passed, 20 warnings in 17.71s ==================
